// Jest Snapshot v1, https://goo.gl/fbAQLP

exports[`Config.stringify correctly stringifies typical config 1`] = `
"#This is a top level comment.
#This is another line...

[cat1]
#This is cat1 comment.
#This is another line...

set1 = set1 value
set2 = set2 value

[cat2]
#This is cat2 comment.
#This is another line...

set1 = set1 value
set2 = set2 value

[autoexec]
cmd1
cmd2"
`;

exports[`Config.stringify stringifies empty categories correctly 1`] = `
"[autoexec]
"
`;

exports[`Config.stringify stringifies empty categories correctly 2`] = `
"[autoexec]
"
`;

exports[`Config.stringify stringifies empty categories correctly 3`] = `
"[foo]

[autoexec]
"
`;

exports[`Config.stringify stringifies settings with empty values correctly 1`] = `
"[autoexec]
"
`;

exports[`Config.stringify stringifies settings with empty values correctly 2`] = `
"[cat]
set1 = 
set2 = 

[autoexec]
"
`;

exports[`Config.stringify stringifies settings with empty values correctly 3`] = `
"[cat]
set1 = 
set2 = 

[autoexec]
"
`;
